// Jest Snapshot v1, https://goo.gl/fbAQLP

exports[`Login renders correctly 1`] = `
<View
  style={
    Array [
      Object {
        "alignItems": "center",
        "backgroundColor": "#fff",
        "flexBasis": 0,
        "flexGrow": 1,
        "flexShrink": 1,
        "justifyContent": "center",
      },
    ]
  }
>
  <TextInput
    allowFontScaling={true}
    autoCompleteType="username"
    onChangeText={[Function]}
    placeholder="UsuÃ¡rio"
    rejectResponderTermination={true}
    style={
      Array [
        Object {
          "alignSelf": "stretch",
          "backgroundColor": "#fff",
          "borderBottomWidth": 1,
          "borderColor": "black",
          "fontSize": 16,
          "marginBottom": 20,
          "marginHorizontal": 30,
          "paddingHorizontal": 10,
          "paddingVertical": 10,
        },
      ]
    }
    underlineColorAndroid="transparent"
  />
  <TextInput
    allowFontScaling={true}
    autoCompleteType="password"
    onChangeText={[Function]}
    placeholder="Senha"
    rejectResponderTermination={true}
    secureTextEntry={true}
    style={
      Array [
        Object {
          "alignSelf": "stretch",
          "backgroundColor": "#fff",
          "borderBottomWidth": 1,
          "borderColor": "black",
          "fontSize": 16,
          "marginBottom": 20,
          "marginHorizontal": 30,
          "paddingHorizontal": 10,
          "paddingVertical": 10,
        },
      ]
    }
    underlineColorAndroid="transparent"
  />
  <View
    accessible={true}
    focusable={true}
    onClick={[Function]}
    onResponderGrant={[Function]}
    onResponderMove={[Function]}
    onResponderRelease={[Function]}
    onResponderTerminate={[Function]}
    onResponderTerminationRequest={[Function]}
    onStartShouldSetResponder={[Function]}
    style={
      Object {
        "alignItems": "center",
        "alignSelf": "stretch",
        "backgroundColor": "black",
        "borderRadius": 5,
        "justifyContent": "center",
        "marginBottom": 15,
        "marginHorizontal": 30,
        "opacity": 1,
        "paddingHorizontal": 20,
        "paddingVertical": 15,
      }
    }
  >
    <Text
      style={
        Array [
          Object {
            "color": "#fff",
            "fontSize": 16,
            "fontWeight": "bold",
          },
        ]
      }
    >
      Login
    </Text>
  </View>
</View>
`;
